#-----------------------------------------------------------
# Vivado v2023.1 (64-bit)
# SW Build 3865809 on Sun May  7 15:05:29 MDT 2023
# IP Build 3864474 on Sun May  7 20:36:21 MDT 2023
# SharedData Build 3865790 on Sun May 07 13:33:03 MDT 2023
# Start of session at: Mon Apr  1 23:45:28 2024
# Process ID: 1640
# Current directory: C:/zichen/CO/Lab1
# Command line: vivado.exe -gui_launcher_event rodinguilauncherevent19016 C:\zichen\CO\Lab1\Lab1.xpr
# Log file: C:/zichen/CO/Lab1/vivado.log
# Journal file: C:/zichen/CO/Lab1\vivado.jou
# Running On: David, OS: Windows, CPU Frequency: 2688 MHz, CPU Physical cores: 14, Host memory: 16785 MB
#-----------------------------------------------------------
start_gui
open_project C:/zichen/CO/Lab1/Lab1.xpr
update_compile_order -fileset sources_1
# Disabling source management mode.  This is to allow the top design properties to be set without GUI intervention.
set_property source_mgmt_mode None [current_project]
set_property top tb_alu [get_filesets sim_1]
set_property top_lib xil_defaultlib [get_filesets sim_1]
# Re-enabling previously disabled source management mode.
set_property source_mgmt_mode All [current_project]
update_compile_order -fileset sim_1
launch_simulation
source tb_alu.tcl
launch_runs synth_1 -jobs 10
wait_on_run synth_1
open_run synth_1 -name synth_1
reset_run synth_1
launch_runs synth_1 -jobs 10
wait_on_run synth_1
close_design
open_run synth_1 -name synth_1
close_sim
